2019_10_14-12;27_54 User: Fired Process [Keanu.Location.Bat] 
2019_10_14-12;27_54 User: Process Ended [Keanu.Location]  
